OK
OK
OK
OK
OK
OK
OK
OK
OK
OK
OK
OK
OK
OK
OK
OK
OK
OK
12 10
12 10
12
12
12 11 10
12 11 10
