OK
OK
OK
OK
OK
OK
OK
OK
OK
OK
OK
OK
OK
OK
OK
OK
OK
OK
OK
OK
OK
OK
OK
OK
OK
OK
OK
OK
OK
OK
OK
OK
OK
OK
OK
OK
OK
OK
OK
OK
OK
OK
OK
OK
OK
OK
OK
OK
OK
OK
OK
OK
OK
OK
OK
OK
OK
OK
OK
OK
OK
OK
OK
OK
OK
OK
OK
OK
OK
OK
OK
OK
OK
OK
OK
OK
OK
OK
OK
OK
OK
OK
OK
OK
OK
OK
OK
OK
OK
OK
OK
OK
OK
OK
OK
OK
OK
OK
OK
OK
OK
OK
OK
OK
OK
OK
OK
OK
OK
OK
OK
OK
OK
OK
OK
OK
OK
OK
OK
OK
OK
OK
OK
OK
OK
OK
OK
OK
OK
OK
OK
OK
OK
OK
OK
OK
OK
OK
OK
OK
OK
OK
OK
OK
OK
OK
OK
OK
OK
OK
OK
OK
OK
OK
OK
OK
OK
OK
OK
OK
OK
OK
OK
OK
OK
OK
OK
OK
OK
OK
OK
OK
OK
OK
OK
OK
OK
OK
OK
OK
OK
OK
OK
OK
OK
OK
OK
OK
OK
OK
OK
OK
OK
OK
OK
OK
OK
OK
OK
OK
OK
OK
OK
OK
OK
OK
OK
OK
OK
OK
OK
OK
OK
OK
OK
OK
OK
OK
OK
OK
OK
OK
OK
OK
OK
OK
OK
OK
OK
OK
OK
OK
OK
OK
OK
OK
OK
OK
OK
OK
OK
OK
OK
OK
OK
OK
OK
OK
OK
OK
OK
OK
OK
OK
OK
OK
OK
OK
OK
OK
OK
OK
OK
OK
OK
OK
OK
OK
OK
OK
OK
OK
OK
OK
OK
OK
OK
OK
OK
OK
OK
OK
OK
OK
OK
OK
OK
OK
OK
OK
OK
OK
OK
9627 9413 8992
OK
OK
OK
OK
OK
OK
OK
OK
OK
OK
OK
OK
OK
OK
OK
OK
OK
OK
OK
OK
OK
OK
OK
OK
OK
OK
OK
OK
OK
OK
OK
OK
OK
OK
OK
OK
OK
OK
OK
OK
OK
OK
OK
OK
OK
OK
OK
OK
OK
OK
OK
OK
OK
OK
OK
OK
OK
OK
OK
OK
OK
OK
OK
OK
OK
OK
OK
OK
OK
OK
OK
OK
OK
OK
OK
OK
OK
OK
OK
OK
OK
OK
OK
OK
OK
OK
OK
OK
OK
OK
OK
OK
OK
9853 9772 9627 9442 9413 9330 9082 9063 8992
OK
OK
OK
OK
OK
OK
OK
OK
OK
OK
OK
OK
OK
OK
9772 9708 9471 9458 9094 9060 9058 8307 8301 8124 8081 7949 7844 7735 7328 7189 7116 7022 6952 6861 6860 6795 6715 6702 6689 6620 6417 6349 6265 6079 5994 5960 5813 5808 5569 5552 5528 4617 4587 4553 4484 4450 4446 4394 4257 4100 3936 3835 3562 3477 3472 3230 3086 3035 2520 2497 2457 2431 2108 1833 1810 1654 1482 1211 738 363
OK
OK
OK
OK
OK
OK
OK
OK
OK
OK
OK
OK
OK
OK
OK
OK
OK
OK
OK
OK
OK
OK
OK
OK
OK
OK
OK
OK
OK
OK
OK
OK
9853 9772 9627 9442 9413 9330 9082 9063 8992 8509 8471 8259 8170 8110 8021 7906 7892 7843 7440 7237 7117 7012 6751 6508 6169 6079 5905 5847 5844 5730 5689 5505 5496 5359 5146 4811 4805 4488 4223 4120 3891
OK
OK
OK
OK
OK
OK
OK
OK
OK
9772 9708 9654 9471 9458 9094 9060 9058 8307 8301 8124 8081 7949 7844 7735 7328 7189 7116 7065 7022 6952 6861 6860 6795 6715 6702 6689 6620 6417 6349 6265 6134 6079 6058 5994 5960 5813 5808 5569 5552 5528 4617 4587 4553 4484 4450 4446 4394 4257 4100 4049
OK
OK
OK
OK
OK
OK
OK
OK
OK
OK
OK
OK
OK
OK
OK
OK
OK
OK
OK
OK
OK
OK
OK
OK
OK
OK
OK
OK
OK
OK
OK
OK
OK
OK
OK
OK
OK
OK
OK
OK
OK
OK
OK
OK
OK
OK
OK
OK
OK
OK
OK
OK
OK
OK
OK
OK
OK
OK
OK
OK
OK
OK
OK
OK
OK
OK
OK
OK
OK
OK
OK
OK
OK
OK
OK
OK
OK
OK
OK
OK
OK
OK
OK
OK
OK
OK
OK
OK
OK
OK
OK
OK
OK
OK
OK
OK
OK
OK
9918 9772 9708 9654 9471 9458 9167 9094 9060 9058 9041 9036 8956 8540 8414 8307 8301 8124 8081 7949 7844 7799 7735 7413 7328 7189 7163 7116 7065 7022 6952 6861 6860 6795 6726 6715 6702 6689 6620 6417 6349 6265 6134 6079 6058 5994 5960 5813 5808 5683 5569 5552 5528 5306 4979 4828 4617 4587 4553 4484 4450 4446
OK
OK
OK
OK
9993 9821 9514 9510 9504 9492 9345 9275 9201 9023 9018 8976 8596 8567 8450 8344 8089 8062 8051 7968 7835 7646 7524 7514 7440 7383 7266 7260 7078 6998 6958 6892 6824 6776 6729 6720 6666 6627 6621 6462 6422 6247 6141 6028 5834 5805 5676 5603 5588 5439 5247 5195 5123 4841 4835 4781 4762 4399 4380 4305 4218 4207 4130 4104 4086 4001 3907 3906 3841 3825 3620 3561 3476 3390 3359 3296 3181 3180 3171 3056 2980 2979 2943 2851 2785 2702 2439 2380 2326 2207 2071 2048 1978 1884 1798 1544 1515 1505 1424 1404 1398 1206 999 976 926 860 859 798 780 571 403 324 308 290 266 222 125 54
OK
OK
OK
OK
OK
OK
OK
OK
OK
OK
OK
OK
OK
OK
OK
OK
OK
OK
OK
OK
OK
OK
OK
OK
OK
OK
OK
OK
OK
OK
OK
OK
OK
OK
OK
OK
OK
OK
OK
OK
OK
OK
OK
OK
OK
OK
OK
OK
OK
OK
OK
OK
OK
OK
OK
OK
OK
OK
OK
OK
OK
OK
OK
OK
OK
OK
OK
OK
OK
OK
OK
OK
OK
OK
OK
OK
OK
OK
OK
OK
OK
OK
OK
OK
OK
OK
OK
OK
OK
OK
OK
9993 9821 9514 9510 9504 9492 9345 9275 9201 9023 9018 8976 8596 8567 8450 8344 8292 8089 8062 8051 7968 7835 7830 7646 7524 7514 7440 7383 7266 7260 7078 7007 6998 6958 6892 6824 6776 6729 6720 6666 6627 6621 6555 6462 6422 6247 6217 6141 6028 5834 5805 5676 5603 5588 5439 5247 5195 5123 5103 4841 4835 4781 4762 4597 4588 4399
OK
OK
OK
OK
OK
OK
OK
OK
OK
OK
OK
OK
OK
OK
OK
OK
OK
OK
OK
OK
OK
OK
OK
OK
OK
OK
OK
OK
OK
OK
OK
OK
OK
OK
OK
OK
OK
OK
OK
OK
OK
OK
OK
OK
OK
OK
OK
OK
OK
OK
OK
OK
OK
OK
OK
OK
OK
OK
OK
OK
OK
OK
OK
OK
OK
OK
OK
OK
OK
OK
OK
OK
OK
OK
OK
OK
OK
OK
OK
OK
OK
OK
OK
OK
OK
OK
OK
OK
OK
OK
OK
OK
OK
OK
OK
OK
OK
OK
OK
OK
OK
OK
OK
OK
OK
OK
OK
OK
OK
OK
OK
OK
OK
OK
OK
OK
OK
OK
OK
OK
OK
OK
OK
OK
OK
OK
OK
OK
OK
OK
OK
OK
OK
OK
OK
OK
OK
OK
OK
OK
OK
OK
OK
OK
OK
OK
OK
OK
OK
OK
OK
OK
OK
OK
OK
OK
OK
OK
OK
OK
OK
OK
OK
OK
OK
OK
OK
OK
OK
OK
OK
OK
OK
OK
OK
OK
OK
OK
OK
OK
OK
OK
OK
OK
OK
OK
OK
OK
OK
OK
OK
OK
OK
OK
OK
OK
OK
OK
OK
OK
OK
OK
OK
OK
OK
9960 9949 9907 9884 9883 9800 9513 9451 9432 9427 9383 9362
OK
OK
OK
OK
9960 9949 9907 9884 9883 9800 9513 9451 9432 9427 9383 9362 9350 9317 9265 9256 9241 9172 9159 9104 9062 8995 8985 8903 8895 8827 8755 8717 8569 8335 8333 8323 8267 8240 8119 8030 7960 7932 7809 7776 7767 7741 7719 7655 7654 7598 7537 7409 7356 7353 7325 7313 7227 7047 7009 6989 6981 6921 6868 6844 6820 6750 6671 6610 6562 6539 6351 6275 6254 6077 6046 5971 5896 5864 5777 5770 5726 5699 5689 5687 5651 5473 5381 5368 5296 4992 4893 4817 4662 4659 4640 4635 4557 4524 4504 4482 4438 4408 4286 4278 4268 4251 4164 4070 3990 3985 3977 3947 3909 3903 3867 3859 3832 3696 3669 3638 3557 3555 3524 3436 3373 3319 3290 3250 3168 3089 3062 2995 2957 2907 2905 2836 2758 2718 2679 2613 2565 2472 2459 2347 2266 1976 1852 1714 1711 1560 1545 1537 1501 1409 1407 1387 1386 1246 1235 1234 1216 1150 1107 1064 1061 883 800 673 596 570 323 322 321 177 152 148 114 43
OK
OK
OK
OK
OK
OK
OK
OK
OK
OK
OK
OK
OK
OK
OK
OK
OK
OK
OK
OK
OK
OK
OK
OK
OK
OK
OK
9963 9961 9892 9865 9853 9810 9772 9627 9442 9413 9368 9330 9318 9172 9082 9063 8992 8888 8687 8559 8549 8509 8471 8465 8312 8259 8184 8170 8110 8073 8037 8021 8009 7906 7892 7891 7843 7753 7440 7437 7363 7237 7191 7144 7117 7098 7079 7012 6987 6941 6885 6880 6751 6729 6593 6579 6521 6508 6285 6169 6079 5905 5847 5844 5830 5730 5689 5670 5605 5574 5505 5496 5447 5359 5263 5204 5146 4911 4860 4852 4811 4805 4722 4698 4488 4421 4258 4243 4232 4223 4188 4158 4120 4046 4030 3891 3882 3867 3773 3685 3652 3500 3483 3225 3092 3039 2984 2956 2760 2748 2691 2649 2611 2522 2506 2465 2173 2158 1908 1794 1670 1578 1463 1412 1411 1385 1379
OK
OK
OK
OK
OK
OK
OK
OK
OK
OK
OK
OK
OK
OK
OK
OK
OK
OK
OK
OK
OK
OK
OK
OK
OK
OK
OK
OK
OK
OK
OK
OK
OK
OK
OK
OK
OK
OK
OK
OK
OK
OK
OK
OK
OK
OK
OK
OK
OK
OK
OK
OK
OK
OK
OK
OK
OK
OK
OK
OK
OK
OK
OK
OK
OK
OK
OK
OK
OK
OK
OK
OK
OK
OK
OK
OK
OK
OK
OK
OK
OK
OK
OK
OK
OK
OK
OK
OK
OK
OK
OK
OK
OK
OK
OK
OK
OK
OK
OK
OK
OK
OK
OK
OK
OK
OK
OK
OK
OK
OK
OK
OK
OK
OK
OK
OK
OK
OK
OK
